// Jest Snapshot v1, https://goo.gl/fbAQLP

exports[`NewMaterial should match snapshot 1`] = `
<div>
  <Button
    block={false}
    ghost={false}
    htmlType="button"
    loading={false}
    onClick={[Function]}
    type="primary"
  >
    Add New Material
  </Button>
  <Form(Component)
    onCancel={[Function]}
    onCreate={[Function]}
    visible={false}
    wrappedComponentRef={[Function]}
  />
</div>
`;
