// Jest Snapshot v1, https://goo.gl/fbAQLP

exports[`DeleteConfirm should match snapshot 1`] = `
<Button
  block={false}
  ghost={false}
  htmlType="button"
  loading={false}
  onClick={[Function]}
  type="link"
>
  <i
    className="fas fa-trash-alt"
  />
</Button>
`;
